# Source: jxboot-resources/templates/production-env.yaml

apiVersion: jenkins.io/v1
kind: Environment
metadata:
  creationTimestamp: null
  name: production
spec:
  kind: Permanent
  label: Production
  namespace: jx-production
  order: 200
  previewGitInfo:
    user: {}
  promotionStrategy: Manual
  remoteCluster: false
  source:
    ref: master
    url: "https://github.com/myorg/environment-mycluster-production.git"
