# Source: jxboot-resources/templates/staging-env.yaml

apiVersion: jenkins.io/v1
kind: Environment
metadata:
  name: staging
spec:
  kind: Permanent
  label: Staging
  namespace: jx-staging
  order: 100
  previewGitInfo:
    user: {}
  promotionStrategy: Auto
  remoteCluster: false
  source:
    ref: master
    url: "https://github.com/myorg/environment-mycluster-staging.git"
