# Source: jxboot-resources/templates/ingress-config-configmap.yaml
apiVersion: v1
data:
  domain: mydomain.com
  email: ""
  exposer: Ingress
  issuer: ""
  tls: 
kind: ConfigMap
metadata:
  name: ingress-config
