apiVersion: jenkins.io/v1
kind: SourceRepository
metadata:
  name: "production"
  labels:
    jenkins.io/gitSync: "false"
spec:
  provider: "https://github.com"
  providerName: 'github'
  httpCloneURL: "https://github.com/myorg/environment-mycluster-production.git"
  org: "myorg"
  repo: "environment-mycluster-production"
  description: "the git repository for the Production environment"
  scheduler:
    kind: Scheduler
    name: "environment"
