# Source: jxboot-resources/templates/700-nexus-ing.yaml

apiVersion: extensions/v1beta1
kind: Ingress
metadata:
  annotations:
    kubernetes.io/ingress.class: nginx
  name: nexus
spec:
  rules:
  - host: nexus-jx.
    http:
      paths:
      - backend:
          serviceName: nexus
          servicePort: 80
