# Source: jxboot-resources/templates/700-chartmuseum-ing.yaml

apiVersion: extensions/v1beta1
kind: Ingress
metadata:
  annotations:
    kubernetes.io/ingress.class: nginx
  name: chartmuseum
spec:
  rules:
  - host: chartmuseum-jx.mydomain.com
    http:
      paths:
      - backend:
          serviceName: jenkins-x-chartmuseum
          servicePort: 8080
