# Source: jxboot-resources/templates/staging-repo.yaml

apiVersion: jenkins.io/v1
kind: SourceRepository
metadata:
  name: "myorg-environment-mycluster-staging"
  labels:
    jenkins.io/gitSync: "false"
spec:
  provider: "https://github.com"
  providerName: 'github'
  providerKind: 'github'
  org: "myorg"
  repo: "environment-mycluster-staging"
  url: "https://github.com/myorg/environment-mycluster-staging.git"
  httpCloneURL: "https://github.com/myorg/environment-mycluster-staging.git"
  description: "the git repository for the Staging environment"
  scheduler:
    kind: Scheduler
    name: "env-scheduler"
